// Jest Snapshot v1, https://goo.gl/fbAQLP

exports[`integration test sample 1`] = `
<Provider
  store={
    Object {
      "dispatch": [Function],
      "getState": [Function],
      "replaceReducer": [Function],
      "subscribe": [Function],
      Symbol(observable): [Function],
    }
  }
>
  <Connect(App)>
    <App
      onChange={[Function]}
      onDecrement={[Function]}
      onIncrement={[Function]}
      onRemove={[Function]}
      onTest={[Function]}
      value={
        Object {
          "todos": Array [
            1,
            2,
            3,
            4,
          ],
        }
      }
    >
      <Counter
        doOnTest={[Function]}
        onChange={[Function]}
        onDecrement={[Function]}
        onIncrement={[Function]}
        onRemove={[Function]}
        value={
          Object {
            "todos": Array [
              1,
              2,
              3,
              4,
            ],
          }
        }
      >
        <div>
          <div>
            func1: 
            99999
          </div>
          <div>
            func2: 
            200
          </div>
          <button
            onClick={[Function]}
          >
            Add
          </button>
          <button
            onClick={[Function]}
          >
            Sub
          </button>
          <button
            onClick={[Function]}
          >
            Test
          </button>
          <hr />
          <div
            key="0"
          >
            <label>
              0
            </label>
             
            <input
              onChange={[Function]}
              style={
                Object {
                  "width": 350,
                }
              }
              value={1}
            />
             
            <button
              onClick={[Function]}
            >
              Del
            </button>
          </div>
          <div
            key="1"
          >
            <label>
              1
            </label>
             
            <input
              onChange={[Function]}
              style={
                Object {
                  "width": 350,
                }
              }
              value={2}
            />
             
            <button
              onClick={[Function]}
            >
              Del
            </button>
          </div>
          <div
            key="2"
          >
            <label>
              2
            </label>
             
            <input
              onChange={[Function]}
              style={
                Object {
                  "width": 350,
                }
              }
              value={3}
            />
             
            <button
              onClick={[Function]}
            >
              Del
            </button>
          </div>
          <div
            key="3"
          >
            <label>
              3
            </label>
             
            <input
              onChange={[Function]}
              style={
                Object {
                  "width": 350,
                }
              }
              value={4}
            />
             
            <button
              onClick={[Function]}
            >
              Del
            </button>
          </div>
          <pre>
            {
  "todos": [
    1,
    2,
    3,
    4
  ]
}
          </pre>
        </div>
      </Counter>
    </App>
  </Connect(App)>
</Provider>
`;
